
> cg-pwmu-digital-platform@0.0.0 build
> vite build

[36mvite v5.4.21 [32mbuilding for production...[36m[39m
