Testing connection to: F:\UNICEF-AILSG\PWMU report\PWMUapp2\server\database.sqlite
node : FAILED TO LOAD 
SQLITE: The module '\\?
\F:\UNICEF-AILSG\PWMU r
eport\PWMUapp2\node_mod
ules\better-sqlite3\bui
ld\Release\better_sqlit
e3.node'
At line:1 char:1
+ node test_sqlite.js 
> test_output.txt 2>&1
+ ~~~~~~~~~~~~~~~~~~~~~
~~~~~~~~~~~~~~~~~~~~~
    + CategoryInfo     
         : NotSpecifi  
  ed: (FAILED TO LOA   
 D ...r_sqlite3.nod    
e':String) [], Rem    
oteException
    + FullyQualifiedEr 
   rorId : NativeComm  
  andError
 
was compiled against a 
different Node.js 
version using
NODE_MODULE_VERSION 
115. This version of 
Node.js requires
NODE_MODULE_VERSION 
137. Please try 
re-compiling or 
re-installing
the module (for 
instance, using `npm 
rebuild` or `npm 
install`).
